// Jest Snapshot v1, https://goo.gl/fbAQLP

exports[`CaptionTextNodeList 1`] = `
<div
  className="document__text"
>
  <h3
    className="document__node-text document__node-text--speaker-top"
  >
    -
  </h3>
  <div
    className="document__text document__text--caption"
    onMouseUp={[MockFunction]}
    onScroll={[Function]}
  >
    <CaptionTextNode
      documentNode={
        Object {
          "component": "p",
          "innerHTML": Array [
            "Good evening I'm Martha Raddatz from ABC News.",
          ],
          "offset": 0,
        }
      }
      speaker="Raddatz"
    />
    <CaptionTextNode
      documentNode={
        Object {
          "component": "p",
          "innerHTML": Array [
            "And I'm Anderson Cooper from CNN. We want to welcome you to Washington University in St. Louis for the second presidential debate between Hillary Clinton and Donald Trump sponsored by the Commission on Presidential Debates. tonight's debate is a Town Hall format, which gives voters a chance to directly ask the candidates questions. Martha and I will ask follow-up questions but the night really belongs to the people in this room and to people across the country who have submitted questions online.",
          ],
          "offset": 46,
        }
      }
      speaker="Cooper"
    />
  </div>
</div>
`;
