// Jest Snapshot v1, https://goo.gl/fbAQLP

exports[`DocumentTextNode 1`] = `
<p
  data-char-offset={0}
>
  Section 1. Neither slavery nor involuntary servitude, except as a punishment for crime whereof the party shall have been duly convicted, shall exist within the United States, or any place subject to their jurisdiction.
</p>
`;
